[
  {
    "header1": "σω",
    "header2": "β\"ψυ",
    "header3": {
      "subfield3": {
        "subobject3": "βχ"
      },
      "subfield4": [
        {
          "subobject5": ""
        },
        "οπ,ιμ"
      ]
    },
    "header6": [
      "",
      "ςχε"
    ]
  },
  {
    "header1": "ιη",
    "header2": "βμ",
    "header3": {
      "subfield3": {
        "subobject3": ""
      },
      "subfield4": [
        {
          "subobject5": " φφ δλ"
        },
        "κα"
      ]
    },
    "header6": [
      "ιωχ",
      "ηκπτ"
    ]
  },
  {
    "header1": "νς",
    "header2": "ρλ\nωο",
    "header3": {
      "subfield3": {
        "subobject3": "ηε"
      },
      "subfield4": [
        "φμ,τν",
        {
          "subobject5": "ζ"
        }
      ]
    },
    "header6": [
      "μς",
      "δοβ"
    ]
  }
]