{
  "header1": "JUL,Iλ υ",
  "header2": "ςBZ",
  "header3.subfield3.subobject3": "LOMηZDR",
  "header3.subfield4.subobject5": "SMωYωθ",
  "header6.1": "ωλPYQ KG",
  "header6.2": "X"
}