{
  "header1": "βPJφ",
  "header2": "  AFεGSμ",
  "header3.subfield4": "EυZυββκCEρ",
  "header3.subfield4.subobject5": "ωγOZA",
  "header6.1": "οψθδγοRZ",
  "header6.2": "ιLWCσSCSςξ"
}