{
  "header1": "ηZ νD",
  "header3.subfield3.subobject3": "η",
  "header3.subfield4": "IXβξZTλW",
  "header3.subfield4.subobject5": "ξω",
  "header6.1": "φσSOWMRεξ",
  "header6.2": "ZνMQFζσφπρ"
}