{
  "header1": "πGε",
  "header2": "κζK ψς",
  "header3.subfield3.subobject3": "νNG",
  "header3.subfield4": "FXGBβXαGZ ",
  "header3.subfield4.subobject5": "χγZK\nωNσ",
  "header6.1": "ωσσB",
  "header6.2": " οRPψONδ"
}