error: The argument '--in <FILE>' was provided more than once, but cannot be used multiple times

USAGE:
    csv2json --delimiter <DELIMITER> --in <FILE>

For more information try --help
