thread 'main' panicked at 'Could not read csv file: Os { code: 2, kind: NotFound, message: "No such file or directory" }', src/libcore/result.rs:999:5
note: run with `RUST_BACKTRACE=1` environment variable to display a backtrace.
