Writing to ./TestData/Output/Files/21-L-not-ascii.json
